// 重构日志: 61aac789
// 重构日志: 7f021fac
// 同步 ID: 0f818ac3 @ Fri Jul 24 07:27:27 UTC 2026
// 重构日志: 0d82380c
// 重构日志: 91e7eaf7
// 同步 ID: 25aa507f @ Fri Jul 24 17:51:47 UTC 2026
// 重构日志: 184fc20d
// 同步 ID: e26018ab @ Sat Jul 25 09:43:37 UTC 2026
// 重构日志: ecdc284e
// 重构日志: abfd3087
// 重构日志: fab88284
// 重构日志: d772cf4c
// 重构日志: 33f60646
// 重构日志: 891d38bc
// 同步 ID: 58f5c8ea @ Wed Jul 29 10:00:13 UTC 2026
// 重构日志: 6ac97cf8
// 重构日志: 975b54a8
// 重构日志: baaac4ff
// 同步 ID: dd78d26e @ Fri Jul 31 08:54:41 UTC 2026
// 重构日志: c44f59a5
// 重构日志: e39ec6e5
// 重构日志: 564c93ca
// 同步 ID: bb7e8ad7 @ Sun Aug  2 17:40:15 UTC 2026
// 重构日志: 08a6403a
// 同步 ID: b19f85e9 @ Tue Aug  4 04:16:01 UTC 2026
// 同步 ID: c56a05cb @ Tue Aug  4 12:41:34 UTC 2026
// 重构日志: 09ccc812
// 重构日志: c05f6858
// 重构日志: d2ed5aaf
// 同步 ID: 0c4d11fc @ Fri Aug  7 11:12:23 UTC 2026
// 重构日志: b6e65c12
